###############################################################################
#
# IAR ELF Linker V7.50.2.10312/W32 for ARM                14/Feb/2018  09:30:48
# Copyright 2007-2015 IAR Systems AB.
#
#    Output file  =  
#        C:\Work_Data\Projects\OSD on STM32\osd_program\osd on
#        STM32F103CB\osd_project\EWARM\osd_project\Exe\osd_project.out
#    Map file     =  
#        C:\Work_Data\Projects\OSD on STM32\osd_program\osd on
#        STM32F103CB\osd_project\EWARM\osd_project\List\osd_project.map
#    Command line =  
#        "C:\Work_Data\Projects\OSD on STM32\osd_program\osd on
#        STM32F103CB\osd_project\EWARM\osd_project\Obj\main.o"
#        "C:\Work_Data\Projects\OSD on STM32\osd_program\osd on
#        STM32F103CB\osd_project\EWARM\osd_project\Obj\startup_stm32f103xb.o"
#        "C:\Work_Data\Projects\OSD on STM32\osd_program\osd on
#        STM32F103CB\osd_project\EWARM\osd_project\Obj\stm32f1xx_hal.o"
#        "C:\Work_Data\Projects\OSD on STM32\osd_program\osd on
#        STM32F103CB\osd_project\EWARM\osd_project\Obj\stm32f1xx_hal_cortex.o"
#        "C:\Work_Data\Projects\OSD on STM32\osd_program\osd on
#        STM32F103CB\osd_project\EWARM\osd_project\Obj\stm32f1xx_hal_dma.o"
#        "C:\Work_Data\Projects\OSD on STM32\osd_program\osd on
#        STM32F103CB\osd_project\EWARM\osd_project\Obj\stm32f1xx_hal_flash.o"
#        "C:\Work_Data\Projects\OSD on STM32\osd_program\osd on
#        STM32F103CB\osd_project\EWARM\osd_project\Obj\stm32f1xx_hal_flash_ex.o"
#        "C:\Work_Data\Projects\OSD on STM32\osd_program\osd on
#        STM32F103CB\osd_project\EWARM\osd_project\Obj\stm32f1xx_hal_gpio.o"
#        "C:\Work_Data\Projects\OSD on STM32\osd_program\osd on
#        STM32F103CB\osd_project\EWARM\osd_project\Obj\stm32f1xx_hal_gpio_ex.o"
#        "C:\Work_Data\Projects\OSD on STM32\osd_program\osd on
#        STM32F103CB\osd_project\EWARM\osd_project\Obj\stm32f1xx_hal_msp.o"
#        "C:\Work_Data\Projects\OSD on STM32\osd_program\osd on
#        STM32F103CB\osd_project\EWARM\osd_project\Obj\stm32f1xx_hal_pwr.o"
#        "C:\Work_Data\Projects\OSD on STM32\osd_program\osd on
#        STM32F103CB\osd_project\EWARM\osd_project\Obj\stm32f1xx_hal_rcc.o"
#        "C:\Work_Data\Projects\OSD on STM32\osd_program\osd on
#        STM32F103CB\osd_project\EWARM\osd_project\Obj\stm32f1xx_hal_rcc_ex.o"
#        "C:\Work_Data\Projects\OSD on STM32\osd_program\osd on
#        STM32F103CB\osd_project\EWARM\osd_project\Obj\stm32f1xx_hal_spi.o"
#        "C:\Work_Data\Projects\OSD on STM32\osd_program\osd on
#        STM32F103CB\osd_project\EWARM\osd_project\Obj\stm32f1xx_hal_spi_ex.o"
#        "C:\Work_Data\Projects\OSD on STM32\osd_program\osd on
#        STM32F103CB\osd_project\EWARM\osd_project\Obj\stm32f1xx_hal_tim.o"
#        "C:\Work_Data\Projects\OSD on STM32\osd_program\osd on
#        STM32F103CB\osd_project\EWARM\osd_project\Obj\stm32f1xx_hal_tim_ex.o"
#        "C:\Work_Data\Projects\OSD on STM32\osd_program\osd on
#        STM32F103CB\osd_project\EWARM\osd_project\Obj\stm32f1xx_hal_uart.o"
#        "C:\Work_Data\Projects\OSD on STM32\osd_program\osd on
#        STM32F103CB\osd_project\EWARM\osd_project\Obj\stm32f1xx_it.o"
#        "C:\Work_Data\Projects\OSD on STM32\osd_program\osd on
#        STM32F103CB\osd_project\EWARM\osd_project\Obj\system_stm32f1xx.o"
#        --redirect _Printf=_PrintfFull --redirect _Scanf=_ScanfFull -o
#        "C:\Work_Data\Projects\OSD on STM32\osd_program\osd on
#        STM32F103CB\osd_project\EWARM\osd_project\Exe\osd_project.out" --map
#        "C:\Work_Data\Projects\OSD on STM32\osd_program\osd on
#        STM32F103CB\osd_project\EWARM\osd_project\List\osd_project.map"
#        --config "C:\Work_Data\Projects\OSD on STM32\osd_program\osd on
#        STM32F103CB\osd_project\EWARM/stm32f103xb_flash.icf" --semihosting
#        --entry __iar_program_start --vfe
#
###############################################################################

*******************************************************************************
*** RUNTIME MODEL ATTRIBUTES
***

CppFlavor       = *
__SystemLibrary = DLib


*******************************************************************************
*** PLACEMENT SUMMARY
***

"A1":  place at 0x08000000 { ro section .intvec };
"P1":  place in [from 0x08000000 to 0x0801ffff] { ro };
"P2":  place in [from 0x20000000 to 0x20004fff] { rw, block CSTACK, block HEAP };

  Section            Kind        Address    Size  Object
  -------            ----        -------    ----  ------
"A1":                                       0xec
  .intvec            ro code  0x08000000    0xec  startup_stm32f103xb.o [1]
                            - 0x080000ec    0xec

"P1":                                     0x1708
  .text              ro code  0x080000ec   0x4a2  stm32f1xx_hal_rcc.o [1]
  .text              ro code  0x08000590    0x74  stm32f1xx_hal.o [1]
  .text              ro code  0x08000604    0x56  ABImemcpy_unaligned.o [4]
  .text              ro code  0x0800065c    0xe2  stm32f1xx_hal_cortex.o [1]
  .text              ro code  0x08000740   0x1c0  stm32f1xx_hal_msp.o [1]
  .text              ro code  0x08000900   0x1a8  stm32f1xx_hal_gpio.o [1]
  .text              ro code  0x08000aa8   0x346  stm32f1xx_hal_dma.o [1]
  .text              ro code  0x08000df0   0x314  main.o [1]
  .text              ro code  0x08001104    0x88  stm32f1xx_hal_spi_ex.o [1]
  .text              ro code  0x0800118c   0x158  stm32f1xx_hal_uart.o [1]
  .text              ro code  0x080012e4   0x216  stm32f1xx_hal_spi.o [1]
  .text              ro code  0x080014fc    0xcc  stm32f1xx_it.o [1]
  .text              ro code  0x080015c8    0x5c  system_stm32f1xx.o [1]
  .text              ro code  0x08001624    0x40  zero_init3.o [4]
  .text              ro code  0x08001664    0x38  packbits_init_single.o [4]
  .text              ro code  0x0800169c    0x28  data_init.o [4]
  .iar.init_table    const    0x080016c4    0x20  - Linker created -
  .text              ro code  0x080016e4    0x1a  cmain.o [4]
  .text              ro code  0x080016fe     0x4  low_level_init.o [3]
  .text              ro code  0x08001702     0x4  exit.o [3]
  .text              ro code  0x08001708     0xa  cexit.o [4]
  .text              ro code  0x08001714    0x14  exit.o [5]
  .text              ro code  0x08001728    0x10  startup_stm32f103xb.o [1]
  .text              ro code  0x08001738     0xc  cstartup_M.o [4]
  .rodata            const    0x08001744     0x8  system_stm32f1xx.o [1]
  .text              ro code  0x0800174c     0x4  startup_stm32f103xb.o [1]
  .text              ro code  0x08001750     0x4  startup_stm32f103xb.o [1]
  .text              ro code  0x08001754     0x4  startup_stm32f103xb.o [1]
  .text              ro code  0x08001758     0x4  startup_stm32f103xb.o [1]
  .text              ro code  0x0800175c     0x4  startup_stm32f103xb.o [1]
  .text              ro code  0x08001760     0x4  startup_stm32f103xb.o [1]
  .text              ro code  0x08001764     0x4  startup_stm32f103xb.o [1]
  .text              ro code  0x08001768     0x4  startup_stm32f103xb.o [1]
  .text              ro code  0x0800176c     0x4  startup_stm32f103xb.o [1]
  .text              ro code  0x08001770     0x4  startup_stm32f103xb.o [1]
  .text              ro code  0x08001774     0x4  startup_stm32f103xb.o [1]
  .text              ro code  0x08001778     0x4  startup_stm32f103xb.o [1]
  .text              ro code  0x0800177c     0x4  startup_stm32f103xb.o [1]
  .text              ro code  0x08001780     0x4  startup_stm32f103xb.o [1]
  .text              ro code  0x08001784     0x4  startup_stm32f103xb.o [1]
  .text              ro code  0x08001788     0x4  startup_stm32f103xb.o [1]
  .text              ro code  0x0800178c     0x4  startup_stm32f103xb.o [1]
  .text              ro code  0x08001790     0x4  startup_stm32f103xb.o [1]
  .text              ro code  0x08001794     0x4  startup_stm32f103xb.o [1]
  .text              ro code  0x08001798     0x4  startup_stm32f103xb.o [1]
  .text              ro code  0x0800179c     0x4  startup_stm32f103xb.o [1]
  .text              ro code  0x080017a0     0x4  startup_stm32f103xb.o [1]
  .text              ro code  0x080017a4     0x4  startup_stm32f103xb.o [1]
  .text              ro code  0x080017a8     0x4  startup_stm32f103xb.o [1]
  .text              ro code  0x080017ac     0x4  startup_stm32f103xb.o [1]
  .text              ro code  0x080017b0     0x4  startup_stm32f103xb.o [1]
  .text              ro code  0x080017b4     0x4  startup_stm32f103xb.o [1]
  .text              ro code  0x080017b8     0x4  startup_stm32f103xb.o [1]
  .text              ro code  0x080017bc     0x4  startup_stm32f103xb.o [1]
  .text              ro code  0x080017c0     0x4  startup_stm32f103xb.o [1]
  .text              ro code  0x080017c4     0x4  startup_stm32f103xb.o [1]
  .text              ro code  0x080017c8     0x4  startup_stm32f103xb.o [1]
  .text              ro code  0x080017cc     0x4  startup_stm32f103xb.o [1]
  .text              ro code  0x080017d0     0x4  startup_stm32f103xb.o [1]
  .text              ro code  0x080017d4     0x4  startup_stm32f103xb.o [1]
  .text              ro code  0x080017d8     0x4  startup_stm32f103xb.o [1]
  .text              ro code  0x080017dc     0x4  startup_stm32f103xb.o [1]
  .text              ro code  0x080017e0     0x4  startup_stm32f103xb.o [1]
  .text              ro code  0x080017e4     0x4  startup_stm32f103xb.o [1]
  .rodata            const    0x080017e8     0x0  zero_init3.o [4]
  .rodata            const    0x080017e8     0x0  packbits_init_single.o [4]
  Initializer bytes  const    0x080017e8     0xc  <for P2-1>
                            - 0x080017f4  0x1708

"P2", part 1 of 3:                         0x100
  P2-1                        0x20000000   0x100  <Init block>
    .data            inited   0x20000000    0xfa  main.o [1]
    .data            inited   0x200000fc     0x4  system_stm32f1xx.o [1]
                            - 0x20000100   0x100

"P2", part 2 of 3:                         0x400
  CSTACK                      0x20000100   0x400  <Block>
    CSTACK           uninit   0x20000100   0x400  <Block tail>
                            - 0x20000500   0x400

"P2", part 3 of 3:                          0x78
  .bss               zero     0x20000500    0x38  main.o [1]
  .bss               zero     0x20000538    0x38  main.o [1]
  .bss               zero     0x20000570     0x4  stm32f1xx_hal.o [1]
  .bss               zero     0x20000574     0x1  stm32f1xx_hal_spi_ex.o [1]
  .bss               zero     0x20000575     0x1  stm32f1xx_it.o [1]
                            - 0x20000576    0x76


*******************************************************************************
*** INIT TABLE
***

          Address     Size
          -------     ----
Zero (__iar_zero_init3)
    1 destination range, total size 0x76:
          0x20000500   0x76

Copy/packbits (__iar_packbits_init_single3)
    1 source range, total size 0xc (4% of destination):
          0x080017e8    0xc
    1 destination range, total size 0x100:
          0x20000000  0x100



*******************************************************************************
*** MODULE SUMMARY
***

    Module                  ro code  ro data  rw data
    ------                  -------  -------  -------
C:\Work_Data\Projects\OSD on STM32\osd_program\osd on STM32F103CB\osd_project\EWARM\osd_project\Obj: [1]
    main.o                      788       11      362
    startup_stm32f103xb.o       408
    stm32f1xx_hal.o             116                 4
    stm32f1xx_hal_cortex.o      226
    stm32f1xx_hal_dma.o         838
    stm32f1xx_hal_gpio.o        424
    stm32f1xx_hal_msp.o         448
    stm32f1xx_hal_rcc.o       1 186
    stm32f1xx_hal_spi.o         534
    stm32f1xx_hal_spi_ex.o      136                 1
    stm32f1xx_hal_uart.o        344
    stm32f1xx_it.o              204                 1
    system_stm32f1xx.o           92        9        4
    -------------------------------------------------
    Total:                    5 744       20      372

command line: [2]
    -------------------------------------------------
    Total:

dl7M_tlf.a: [3]
    exit.o                        4
    low_level_init.o              4
    -------------------------------------------------
    Total:                        8

rt7M_tl.a: [4]
    ABImemcpy_unaligned.o        86
    cexit.o                      10
    cmain.o                      26
    cstartup_M.o                 12
    data_init.o                  40
    packbits_init_single.o       56
    zero_init3.o                 64
    -------------------------------------------------
    Total:                      294

shb_l.a: [5]
    exit.o                       20
    -------------------------------------------------
    Total:                       20

    Gaps                         14                 2
    Linker created                        32    1 024
-----------------------------------------------------
    Grand Total:              6 080       52    1 398


*******************************************************************************
*** ENTRY LIST
***

Entry                      Address   Size  Type      Object
-----                      -------   ----  ----      ------
.iar.init_table$$Base   0x080016c4          --   Gb  - Linker created -
.iar.init_table$$Limit  0x080016e4          --   Gb  - Linker created -
?main                   0x080016e5         Code  Gb  cmain.o [4]
AHBPrescTable           0x08001614   0x10  Data  Gb  system_stm32f1xx.o [1]
APBPrescTable           0x08001744    0x8  Data  Gb  system_stm32f1xx.o [1]
BusFault_Handler        0x08001503    0x2  Code  Gb  stm32f1xx_it.o [1]
CSTACK$$Base            0x20000100          --   Gb  - Linker created -
CSTACK$$Limit           0x20000500          --   Gb  - Linker created -
DMA1_Channel3_IRQHandler
                        0x0800151b    0x6  Code  Gb  stm32f1xx_it.o [1]
DMA1_Channel5_IRQHandler
                        0x08001521    0x6  Code  Gb  stm32f1xx_it.o [1]
DMA_SetConfig           0x08000dd9   0x16  Code  Lc  stm32f1xx_hal_dma.o [1]
DataBuffer              0x200000f8    0x2  Data  Gb  main.o [1]
DebugMon_Handler        0x08001509    0x2  Code  Gb  stm32f1xx_it.o [1]
Error_Handler           0x08001103    0x2  Code  Gb  main.o [1]
HAL_DMA_IRQHandler      0x08000b55  0x264  Code  Gb  stm32f1xx_hal_dma.o [1]
HAL_DMA_Init            0x08000aa9   0x4a  Code  Gb  stm32f1xx_hal_dma.o [1]
HAL_DMA_Start_IT        0x08000af3   0x2e  Code  Gb  stm32f1xx_hal_dma.o [1]
HAL_Delay               0x080005e5   0x18  Code  Wk  stm32f1xx_hal.o [1]
HAL_GPIO_Init           0x08000901  0x174  Code  Gb  stm32f1xx_hal_gpio.o [1]
HAL_GetTick             0x080005df    0x6  Code  Wk  stm32f1xx_hal.o [1]
HAL_IncTick             0x080005d5    0xa  Code  Wk  stm32f1xx_hal.o [1]
HAL_Init                0x08000591   0x20  Code  Gb  stm32f1xx_hal.o [1]
HAL_InitTick            0x080005b1   0x24  Code  Wk  stm32f1xx_hal.o [1]
HAL_MspInit             0x08000741   0x74  Code  Gb  stm32f1xx_hal_msp.o [1]
HAL_NVIC_EnableIRQ      0x080006cb    0xc  Code  Gb  stm32f1xx_hal_cortex.o [1]
HAL_NVIC_SetPriority    0x08000691   0x3a  Code  Gb  stm32f1xx_hal_cortex.o [1]
HAL_NVIC_SetPriorityGrouping
                        0x08000677   0x1a  Code  Gb  stm32f1xx_hal_cortex.o [1]
HAL_RCC_ClockConfig     0x080003ad  0x112  Code  Gb  stm32f1xx_hal_rcc.o [1]
HAL_RCC_GetHCLKFreq     0x08000525    0x6  Code  Gb  stm32f1xx_hal_rcc.o [1]
HAL_RCC_GetPCLK1Freq    0x0800052b   0x10  Code  Gb  stm32f1xx_hal_rcc.o [1]
HAL_RCC_GetPCLK2Freq    0x0800053b    0xe  Code  Gb  stm32f1xx_hal_rcc.o [1]
HAL_RCC_GetSysClockFreq
                        0x080004d3   0x52  Code  Gb  stm32f1xx_hal_rcc.o [1]
HAL_RCC_OscConfig       0x080000ed  0x2ae  Code  Gb  stm32f1xx_hal_rcc.o [1]
HAL_SPI_ErrorCallback   0x080013b3    0x2  Code  Wk  stm32f1xx_hal_spi.o [1]
HAL_SPI_Init            0x08001105   0x82  Code  Gb  stm32f1xx_hal_spi_ex.o [1]
HAL_SPI_MspInit         0x080007b5   0xba  Code  Gb  stm32f1xx_hal_msp.o [1]
HAL_SPI_Transmit_DMA    0x080012e5   0x70  Code  Gb  stm32f1xx_hal_spi.o [1]
HAL_SPI_TxCpltCallback  0x080013af    0x2  Code  Wk  stm32f1xx_hal_spi.o [1]
HAL_SPI_TxHalfCpltCallback
                        0x080013b1    0x2  Code  Wk  stm32f1xx_hal_spi.o [1]
HAL_SYSTICK_CLKSourceConfig
                        0x08000707   0x14  Code  Gb  stm32f1xx_hal_cortex.o [1]
HAL_SYSTICK_Callback    0x0800073d    0x2  Code  Wk  stm32f1xx_hal_cortex.o [1]
HAL_SYSTICK_Config      0x080006df   0x28  Code  Gb  stm32f1xx_hal_cortex.o [1]
HAL_SYSTICK_IRQHandler  0x08000735    0x8  Code  Gb  stm32f1xx_hal_cortex.o [1]
HAL_UART_Init           0x0800118d   0x26  Code  Gb  stm32f1xx_hal_uart.o [1]
HAL_UART_MspInit        0x0800088b   0x52  Code  Gb  stm32f1xx_hal_msp.o [1]
HardFault_Handler       0x080014ff    0x2  Code  Gb  stm32f1xx_it.o [1]
MemManage_Handler       0x08001501    0x2  Code  Gb  stm32f1xx_it.o [1]
NMI_Handler             0x080014fd    0x2  Code  Gb  stm32f1xx_it.o [1]
NVIC_SetPriority        0x0800065d   0x1a  Code  Lc  stm32f1xx_hal_cortex.o [1]
PendSV_Handler          0x0800150b    0x2  Code  Gb  stm32f1xx_it.o [1]
Region$$Table$$Base     0x080016c4          --   Gb  - Linker created -
Region$$Table$$Limit    0x080016e4          --   Gb  - Linker created -
SPI_DMAError            0x08001455   0x20  Code  Lc  stm32f1xx_hal_spi.o [1]
SPI_DMAHalfTransmitCplt
                        0x08001449    0xa  Code  Lc  stm32f1xx_hal_spi.o [1]
SPI_DMATransmitCplt     0x080013bd   0x40  Code  Lc  stm32f1xx_hal_spi.o [1]
SPI_WaitOnFlagUntilTimeout
                        0x08001475   0x7a  Code  Lc  stm32f1xx_hal_spi.o [1]
SVC_Handler             0x08001507    0x2  Code  Gb  stm32f1xx_it.o [1]
SysTick_Handler         0x0800150d    0xe  Code  Gb  stm32f1xx_it.o [1]
SystemClock_Config      0x08000fd3   0x70  Code  Gb  main.o [1]
SystemCoreClock         0x200000fc    0x4  Data  Gb  system_stm32f1xx.o [1]
SystemInit              0x080015c9   0x3a  Code  Gb  system_stm32f1xx.o [1]
TIM2_IRQHandler         0x08001527   0x62  Code  Gb  stm32f1xx_it.o [1]
TIM4_IRQHandler         0x08001589   0x20  Code  Gb  stm32f1xx_it.o [1]
TIMER2_HardInit         0x08001043   0x7c  Code  Lc  main.o [1]
UART_SetConfig          0x080011ff   0xdc  Code  Lc  stm32f1xx_hal_uart.o [1]
UsageFault_Handler      0x08001505    0x2  Code  Gb  stm32f1xx_it.o [1]
__cmain                 0x080016e5         Code  Gb  cmain.o [4]
__exit                  0x08001715   0x14  Code  Gb  exit.o [5]
__iar_data_init3        0x0800169d   0x28  Code  Gb  data_init.o [4]
__iar_packbits_init_single3
                        0x08001665   0x38  Code  Gb  packbits_init_single.o [4]
__iar_program_start     0x08001739         Code  Gb  cstartup_M.o [4]
__iar_unaligned___aeabi_memcpy4
                        0x08000605         Code  Gb  ABImemcpy_unaligned.o [4]
__iar_unaligned___aeabi_memcpy8
                        0x08000605         Code  Gb  ABImemcpy_unaligned.o [4]
__iar_zero_init3        0x08001625   0x40  Code  Gb  zero_init3.o [4]
__low_level_init        0x080016ff    0x4  Code  Gb  low_level_init.o [3]
__vector_table          0x08000000         Data  Gb  startup_stm32f103xb.o [1]
_call_main              0x080016f1         Code  Gb  cmain.o [4]
_exit                   0x08001709         Code  Gb  cexit.o [4]
_main                   0x080016fb         Code  Gb  cmain.o [4]
exit                    0x08001703    0x4  Code  Gb  exit.o [3]
hdma_spi1_tx            0x20000500   0x38  Data  Gb  main.o [1]
hdma_spi2_tx            0x20000538   0x38  Data  Gb  main.o [1]
hspi1                   0x20000008   0x58  Data  Gb  main.o [1]
hspi2                   0x20000060   0x58  Data  Gb  main.o [1]
hsync_ctr               0x20000000    0x2  Data  Gb  main.o [1]
hsync_ctr_max           0x20000004    0x2  Data  Gb  main.o [1]
huart1                  0x200000b8   0x40  Data  Gb  main.o [1]
main                    0x08000df1  0x1d2  Code  Gb  main.o [1]
pwm_on                  0x20000575    0x1  Data  Gb  stm32f1xx_it.o [1]
string_ctr              0x20000006    0x2  Data  Gb  main.o [1]
uCRCErrorWorkaroundCheck
                        0x20000574    0x1  Data  Gb  stm32f1xx_hal_spi_ex.o [1]
uwTick                  0x20000570    0x4  Data  Lc  stm32f1xx_hal.o [1]
vsync_ctr               0x20000002    0x2  Data  Gb  main.o [1]


[1] = C:\Work_Data\Projects\OSD on STM32\osd_program\osd on STM32F103CB\osd_project\EWARM\osd_project\Obj
[2] = command line
[3] = dl7M_tlf.a
[4] = rt7M_tl.a
[5] = shb_l.a

  6 080 bytes of readonly  code memory
     52 bytes of readonly  data memory
  1 398 bytes of readwrite data memory

Errors: none
Warnings: none
